// Jest Snapshot v1, https://goo.gl/fbAQLP

exports[`ImageZoom component renders, no children 1`] = `
<StrictMode>
  <div>
    Hello, world!
  </div>
</StrictMode>
`;

exports[`ImageZoom container renders 1`] = `
<ImageZoom
  forwardedRef={null}
/>
`;
